
Running `apk update --root /host/Users/jaten/go/src/github.com/glycerine/riscv-emu-golang/xendor/alpine-minirootfs-3.24.1-riscv64` at 1970-01-01 00:06:29
apk-tools 3.0.6-r0, compiled for riscv64.
WARNING: updating and opening https://dl-cdn.alpinelinux.org/alpine/v3.24/main/riscv64/APKINDEX.tar.gz: TLS: server certificate not trusted
WARNING: updating and opening https://dl-cdn.alpinelinux.org/alpine/v3.24/community/riscv64/APKINDEX.tar.gz: TLS: server certificate not trusted
2 unavailable, 0 stale; 21 distinct packages available

Running `apk update --root /host/Users/jaten/go/src/github.com/glycerine/riscv-emu-golang/xendor/alpine-minirootfs-3.24.1-riscv64` at 1970-01-01 00:45:05
apk-tools 3.0.6-r0, compiled for riscv64.
WARNING: updating and opening https://dl-cdn.alpinelinux.org/alpine/v3.24/main/riscv64/APKINDEX.tar.gz: TLS: server certificate not trusted
WARNING: updating and opening https://dl-cdn.alpinelinux.org/alpine/v3.24/community/riscv64/APKINDEX.tar.gz: TLS: server certificate not trusted
2 unavailable, 0 stale; 21 distinct packages available

Running `apk add --root /host/Users/jaten/go/src/github.com/glycerine/riscv-emu-golang/xendor/alpine-minirootfs-3.24.1-riscv64 openssh openssh-server-common-openrc` at 1970-01-01 00:45:26
apk-tools 3.0.6-r0, compiled for riscv64.
WARNING: updating and opening https://dl-cdn.alpinelinux.org/alpine/v3.24/main/riscv64/APKINDEX.tar.gz: TLS: server certificate not trusted
WARNING: updating and opening https://dl-cdn.alpinelinux.org/alpine/v3.24/community/riscv64/APKINDEX.tar.gz: TLS: server certificate not trusted
ERROR: unable to select packages:
  openssh (no such package):
    required by: world[openssh]
  openssh-server-common-openrc (no such package):
    required by: world[openssh-server-common-openrc]

Running `apk update --root /host/Users/jaten/go/src/github.com/glycerine/riscv-emu-golang/xendor/alpine-minirootfs-3.24.1-riscv64 --no-check-certificate` at 1970-01-01 00:49:08
apk-tools 3.0.6-r0, compiled for riscv64.
v3.24.1-53-g60120d98d0a [https://dl-cdn.alpinelinux.org/alpine/v3.24/main]
v3.24.1-54-gc76823d19da [https://dl-cdn.alpinelinux.org/alpine/v3.24/community]
OK: 26778 distinct packages available

Running `apk update --root /host/Users/jaten/go/src/github.com/glycerine/riscv-emu-golang/xendor/alpine-minirootfs-3.24.1-riscv64 --no-check-certificate` at 1970-01-01 00:53:11
apk-tools 3.0.6-r0, compiled for riscv64.

Running `apk add --root /host/Users/jaten/go/src/github.com/glycerine/riscv-emu-golang/xendor/alpine-minirootfs-3.24.1-riscv64 openssh openssh-server-common-openrc` at 1970-01-01 00:53:29
apk-tools 3.0.6-r0, compiled for riscv64.
( 1/11) Installing openssh-keygen (10.3_p1-r0)
ERROR: openssh-keygen-10.3_p1-r0: TLS: server certificate not trusted
( 2/11) Installing ncurses-terminfo-base (6.6_p20260516-r0)
ERROR: ncurses-terminfo-base-6.6_p20260516-r0: TLS: server certificate not trusted
( 3/11) Installing libncursesw (6.6_p20260516-r0)
ERROR: libncursesw-6.6_p20260516-r0: TLS: server certificate not trusted
( 4/11) Installing libedit (20260508.3.1-r1)
ERROR: libedit-20260508.3.1-r1: TLS: server certificate not trusted
( 5/11) Installing openssh-client-common (10.3_p1-r0)
ERROR: openssh-client-common-10.3_p1-r0: TLS: server certificate not trusted
( 6/11) Installing openssh-client-default (10.3_p1-r0)
ERROR: openssh-client-default-10.3_p1-r0: TLS: server certificate not trusted
( 7/11) Installing openssh-sftp-server (10.3_p1-r0)
ERROR: openssh-sftp-server-10.3_p1-r0: TLS: server certificate not trusted
( 8/11) Installing openssh-server-common (10.3_p1-r0)
ERROR: openssh-server-common-10.3_p1-r0: TLS: server certificate not trusted
( 9/11) Installing openssh-server (10.3_p1-r0)
ERROR: openssh-server-10.3_p1-r0: TLS: server certificate not trusted
(10/11) Installing openssh (10.3_p1-r0)
ERROR: openssh-10.3_p1-r0: TLS: server certificate not trusted
(11/11) Installing openssh-server-common-openrc (10.3_p1-r0)
ERROR: openssh-server-common-openrc-10.3_p1-r0: TLS: server certificate not trusted
11 errors; 8342 KiB in 21 packages

Running `apk update --root /host/Users/jaten/go/src/github.com/glycerine/riscv-emu-golang/xendor/alpine-minirootfs-3.24.1-riscv64 --no-check-certificate` at 1970-01-01 00:02:11
apk-tools 3.0.6-r0, compiled for riscv64.
v3.24.1-53-g60120d98d0a [https://dl-cdn.alpinelinux.org/alpine/v3.24/main]
v3.24.1-54-gc76823d19da [https://dl-cdn.alpinelinux.org/alpine/v3.24/community]
OK: 26778 distinct packages available

Running `apk add --root /host/Users/jaten/go/src/github.com/glycerine/riscv-emu-golang/xendor/alpine-minirootfs-3.24.1-riscv64 --no-check-certificate openssh openssh-server-common-openrc` at 1970-01-01 00:06:16
apk-tools 3.0.6-r0, compiled for riscv64.
( 1/11) Installing openssh-keygen (10.3_p1-r0)
( 2/11) Installing ncurses-terminfo-base (6.6_p20260516-r0)
( 3/11) Installing libncursesw (6.6_p20260516-r0)
( 4/11) Installing libedit (20260508.3.1-r1)
( 5/11) Installing openssh-client-common (10.3_p1-r0)
( 6/11) Installing openssh-client-default (10.3_p1-r0)
( 7/11) Installing openssh-sftp-server (10.3_p1-r0)
( 8/11) Installing openssh-server-common (10.3_p1-r0)
( 9/11) Installing openssh-server (10.3_p1-r0)
(10/11) Installing openssh (10.3_p1-r0)
(11/11) Installing openssh-server-common-openrc (10.3_p1-r0)
Executing busybox-1.37.0-r31.trigger
OK: 13.5 MiB in 32 packages

Running `apk update --root /host/Users/jaten/go/src/github.com/glycerine/riscv-emu-golang/xendor/alpine-minirootfs-3.24.1-riscv64` at 2026-06-25 12:00:43
apk-tools 3.0.6-r0, compiled for riscv64.
v3.24.1-53-g60120d98d0a [https://dl-cdn.alpinelinux.org/alpine/v3.24/main]
v3.24.1-54-gc76823d19da [https://dl-cdn.alpinelinux.org/alpine/v3.24/community]
OK: 26778 distinct packages available

Running `apk add --root /host/Users/jaten/go/src/github.com/glycerine/riscv-emu-golang/xendor/alpine-minirootfs-3.24.1-riscv64 --no-network /host/Users/jaten/go/src/github.com/glycerine/riscv-emu-golang/xendor/linux/alpine-nettools/apks/tini-0.19.0-r3.apk` at 2026-06-25 20:11:27
apk-tools 3.0.6-r0, compiled for riscv64.

Running `apk add --root /host/Users/jaten/go/src/github.com/glycerine/riscv-emu-golang/xendor/alpine-minirootfs-3.24.1-riscv64 tini` at 2026-06-25 20:12:36
apk-tools 3.0.6-r0, compiled for riscv64.
(1/1) Installing tini (0.19.0-r3)
Executing busybox-1.37.0-r31.trigger
OK: 13.5 MiB in 33 packages

Running `apk add --root /host/Users/jaten/go/src/github.com/glycerine/riscv-emu-golang/xendor/alpine-minirootfs-3.24.1-riscv64 gdb` at 2026-08-31 05:03:50
apk-tools 3.0.6-r0, compiled for riscv64.
( 1/30) Installing musl-dbg (1.2.6-r2)
( 2/30) Installing brotli-libs (1.2.0-r1)
( 3/30) Installing c-ares (1.34.8-r0)
( 4/30) Installing libunistring (1.4.2-r0)
( 5/30) Installing libidn2 (2.3.8-r0)
( 6/30) Installing nghttp2-libs (1.69.0-r0)
( 7/30) Installing libpsl (0.21.5-r3)
( 8/30) Installing libcurl (8.21.0-r0)
( 9/30) Installing libbz2 (1.0.8-r6)
(10/30) Installing musl-fts (1.2.7-r7)
(11/30) Installing xz-libs (5.8.3-r0)
(12/30) Installing libdw (0.195-r0)
(13/30) Installing json-c (0.18-r1)
(14/30) Installing libdebuginfod (0.195-r0)
(15/30) Installing libexpat (2.8.3-r0)
(16/30) Installing libgcc (15.2.0-r5)
(17/30) Installing gmp (6.3.0-r4)
(18/30) Installing mpfr4 (4.2.2-r0)
(19/30) Installing libffi (3.5.2-r1)
(20/30) Installing gdbm (1.26-r0)
(21/30) Installing libstdc++ (15.2.0-r5)
(22/30) Installing mpdecimal (4.0.1-r0)
(23/30) Installing libpanelw (6.6_p20260516-r0)
(24/30) Installing readline (8.3.3-r1)
(25/30) Installing sqlite-libs (3.53.4-r0)
(26/30) Installing python3 (3.14.7-r1)
(27/30) Installing python3-pycache-pyc0 (3.14.7-r1)
(28/30) Installing pyc (3.14.7-r1)
(29/30) Installing python3-pyc (3.14.7-r1)
(30/30) Installing gdb (16.3-r4)
Executing busybox-1.37.0-r31.trigger
OK: 71.5 MiB in 63 packages
